
> sansmercantile-nexus@1.0.0 build
> next build && next export

  Γû▓ Next.js 14.2.35
  - Environments: .env.local

   Skipping validation of types
   Skipping linting
   Creating an optimized production build ...
node.exe : Failed to compile.
At line:1 char:1
+ & "C:\Program Files\nodejs/node.exe" "C:\Program Files\nodejs/node_mo ...
+ ~~~~~~~~~~~~~~~~~~~~~~~~~~~~~~~~~~~~~~~~~~~~~~~~~~~~~~~~~~~~~~~~~~~~~
    + CategoryInfo          : NotSpecified: (Failed to compile.:String) [], Re 
   moteException
    + FullyQualifiedErrorId : NativeCommandError
 

./pages/[system]/about.tsx
Module not found: Can't resolve '@/lib/system-data'

https://nextjs.org/docs/messages/module-not-found

./pages/[system]/index.tsx
Module not found: Can't resolve '@/lib/system-data'

https://nextjs.org/docs/messages/module-not-found

./pages/careers.tsx
Module not found: Can't resolve '../lib/jobs'

https://nextjs.org/docs/messages/module-not-found

./pages/docs/api/errors.tsx
Error: 
  [31mx[0m Unexpected token `Layout`. Expected jsx identifier
   ,-[[36;1;4mC:\Users\kpasc\source\repos\sansmercantile-nexus\pages\docs\api\
errors.tsx[0m:3:1]
 [2m3[0m | 
 [2m4[0m | export default function ErrorsPage() {
 [2m5[0m |   return (
 [2m6[0m |     <Layout>
   : [31;1m     ^^^^^^[0m
 [2m7[0m |       <div className="min-h-screen bg-gradient-to-b 
from-nexus-dark via-[#0f1425] to-nexus-dark pt-32 pb-24">
 [2m8[0m |         <div className="max-w-5xl mx-auto px-6">
 [2m8[0m |           <motion.div initial={{ opacity: 0, y: 24 }} animate={{ 
opacity: 1, y: 0 }} transition={{ duration: 0.6 }} className="mb-12">
   `----

Caused by:
    Syntax Error

Import trace for requested module:
./pages/docs/api/errors.tsx

./pages/docs/api/rest.tsx
Error: 
  [31mx[0m Unexpected token `Layout`. Expected jsx identifier
   ,-[[36;1;4mC:\Users\kpasc\source\repos\sansmercantile-nexus\pages\docs\api\
rest.tsx[0m:3:1]
 [2m3[0m | 
 [2m4[0m | export default function RestPage() {
 [2m5[0m |   return (
 [2m6[0m |     <Layout>
   : [31;1m     ^^^^^^[0m
 [2m7[0m |       <div className="min-h-screen bg-gradient-to-b 
from-nexus-dark via-[#0f1425] to-nexus-dark pt-32 pb-24">
 [2m8[0m |         <div className="max-w-5xl mx-auto px-6">
 [2m8[0m |           <motion.div initial={{ opacity: 0, y: 24 }} animate={{ 
opacity: 1, y: 0 }} transition={{ duration: 0.6 }} className="mb-12">
   `----

Caused by:
    Syntax Error

Import trace for requested module:
./pages/docs/api/rest.tsx


> Build failed because of webpack errors
